ASxxxx Linker V03.00 + NoICE + sdld,  page 1.
Hexadecimal  [32-Bits]

Area                                    Addr        Size        Decimal Bytes (Attributes)
--------------------------------        ----        ----        ------- ----- ------------
.  .ABS.                            00000000    00000000 =           0. bytes (ABS,CON)

      Value  Global                              Global Defined In Module
      -----  --------------------------------   ------------------------
     00000000  .__.ABS.                           cpct_video
     00000000  .__.CPU.                           
     00000000  .__.H$L.                           
     00000000  FW_BLACK                           cpct_keyboard
     00000000  HW_WHITE                           cpct_keyboard
     00000000  PAL_PENR                           cpct_keyboard
     00000000  cpct_page00_asm                    cpct_keyboard
     00000000  e_type                             
     00000001  FW_BLUE                            cpct_keyboard
     00000001  e_cmp                              
     00000002  FW_BRIGHT_BLUE                     cpct_keyboard
     00000002  HW_SEA_GREEN                       cpct_keyboard
     00000002  e_xpos                             
     00000002  l__DATA                         
     00000003  FW_RED                             cpct_keyboard
     00000003  HW_PASTEL_YELLOW                   cpct_keyboard
     00000003  e_ypos                             
     00000004  FW_MAGENTA                         cpct_keyboard
     00000004  HW_BLUE                            cpct_keyboard
     00000004  e_width                            
     00000005  FW_MAUVE                           cpct_keyboard
     00000005  HW_PURPLE                          cpct_keyboard
     00000005  e_heigth                           
     00000006  FW_BRIGHT_RED                      cpct_keyboard
     00000006  HW_CYAN                            cpct_keyboard
     00000006  e_vx                               
     00000007  FW_PURPLE                          cpct_keyboard
     00000007  HW_PINK                            cpct_keyboard
     00000007  e_vy                               
     00000008  FW_BRIGHT_MAGENTA                  cpct_keyboard
     00000008  e_sprite1                          
     00000009  FW_GREEN                           cpct_keyboard
     00000009  e_sprite2                          
     0000000A  FW_CYAN                            cpct_keyboard
     0000000A  HW_BRIGHT_YELLOW                   cpct_keyboard
     0000000A  e_aibeh1                           
     0000000B  FW_SKY_BLUE                        cpct_keyboard
     0000000B  HW_BRIGHT_WHITE                    cpct_keyboard
     0000000B  e_aibeh2                           
     0000000C  FW_YELLOW                          cpct_keyboard
     0000000C  HW_BRIGHT_RED                      cpct_keyboard
     0000000C  e_anctr                            
     0000000D  FW_WHITE                           cpct_keyboard
     0000000D  HW_BRIGHT_MAGENTA                  cpct_keyboard
     0000000D  e_anim1                            
     0000000E  FW_PASTEL_BLUE                     cpct_keyboard
     0000000E  HW_ORANGE                          cpct_keyboard
     0000000E  e_anim2                            
     0000000F  FW_ORANGE                          cpct_keyboard
     0000000F  HW_PASTEL_MAGENTA                  cpct_keyboard
ASxxxx Linker V03.00 + NoICE + sdld,  page 2.
Hexadecimal  [32-Bits]

Area                                    Addr        Size        Decimal Bytes (Attributes)
--------------------------------        ----        ----        ------- ----- ------------
.  .ABS.                            00000000    00000000 =           0. bytes (ABS,CON)

      Value  Global                              Global Defined In Module
      -----  --------------------------------   ------------------------
     0000000F  e_animctr                          
     00000010  FW_PINK                            cpct_keyboard
     00000010  cpct_page40_asm                    cpct_keyboard
     00000011  FW_PASTEL_MAGENTA                  cpct_keyboard
     00000012  FW_BRIGHT_GREEN                    cpct_keyboard
     00000012  HW_BRIGHT_GREEN                    cpct_keyboard
     00000013  FW_SEA_GREEN                       cpct_keyboard
     00000013  HW_BRIGHT_CYAN                     cpct_keyboard
     00000014  FW_BRIGHT_CYAN                     cpct_keyboard
     00000014  HW_BLACK                           cpct_keyboard
     00000015  FW_LIME                            cpct_keyboard
     00000015  HW_BRIGHT_BLUE                     cpct_keyboard
     00000016  FW_PASTEL_GREEN                    cpct_keyboard
     00000016  HW_GREEN                           cpct_keyboard
     00000016  opc_LD_D                           cpct_keyboard
     00000017  FW_PASTEL_CYAN                     cpct_keyboard
     00000017  HW_SKY_BLUE                        cpct_keyboard
     00000018  FW_BRIGHT_YELLOW                   cpct_keyboard
     00000018  HW_MAGENTA                         cpct_keyboard
     00000018  opc_JR                             cpct_keyboard
     00000019  FW_PASTEL_YELLOW                   cpct_keyboard
     00000019  HW_PASTEL_GREEN                    cpct_keyboard
     0000001A  FW_BRIGHT_WHITE                    cpct_keyboard
     0000001A  HW_LIME                            cpct_keyboard
     0000001B  HW_PASTEL_CYAN                     cpct_keyboard
     0000001C  HW_RED                             cpct_keyboard
     0000001D  HW_MAUVE                           cpct_keyboard
     0000001E  HW_YELLOW                          cpct_keyboard
     0000001F  HW_PASTEL_BLUE                     cpct_keyboard
     00000020  cpct_page80_asm                    cpct_keyboard
     00000030  cpct_pageC0_asm                    cpct_keyboard
     00000040  PAL_INKR                           cpct_keyboard
     0000007F  GA_port_byte                       cpct_keyboard
     000000BC  CRTC_SELECTREG                     cpct_keyboard
     000000BD  CRTC_SETVAL                        cpct_keyboard
     000000F3  opc_DI                             cpct_keyboard
     000000F5  PPI_PORT_B                         cpct_keyboard
     000000FB  opc_EI                             cpct_keyboard
     00000100  Key_CursorUp                       cpct_keyboard
     00000101  Key_CursorLeft                     cpct_keyboard
     00000102  Key_Clr                            cpct_keyboard
     00000103  Key_Caret                          cpct_keyboard
     00000104  Key_0                              cpct_keyboard
     00000105  Key_8                              cpct_keyboard
     00000106  Joy1_Up                            cpct_keyboard
     00000106  Key_6                              cpct_keyboard
     00000107  Key_4                              cpct_keyboard
     00000108  Key_1                              cpct_keyboard
     00000109  Joy0_Up                            cpct_keyboard
     00000200  Key_CursorRight                    cpct_keyboard
     00000201  Key_Copy                           cpct_keyboard
ASxxxx Linker V03.00 + NoICE + sdld,  page 3.
Hexadecimal  [32-Bits]

Area                                    Addr        Size        Decimal Bytes (Attributes)
--------------------------------        ----        ----        ------- ----- ------------
.  .ABS.                            00000000    00000000 =           0. bytes (ABS,CON)

      Value  Global                              Global Defined In Module
      -----  --------------------------------   ------------------------
     00000202  Key_OpenBracket                    cpct_keyboard
     00000203  Key_Hyphen                         cpct_keyboard
     00000204  Key_9                              cpct_keyboard
     00000205  Key_7                              cpct_keyboard
     00000206  Joy1_Down                          cpct_keyboard
     00000206  Key_5                              cpct_keyboard
     00000207  Key_3                              cpct_keyboard
     00000208  Key_2                              cpct_keyboard
     00000209  Joy0_Down                          cpct_keyboard
     00000400  Key_CursorDown                     cpct_keyboard
     00000401  Key_F7                             cpct_keyboard
     00000402  Key_Return                         cpct_keyboard
     00000403  Key_At                             cpct_keyboard
     00000404  Key_O                              cpct_keyboard
     00000405  Key_U                              cpct_keyboard
     00000406  Joy1_Left                          cpct_keyboard
     00000406  Key_R                              cpct_keyboard
     00000407  Key_E                              cpct_keyboard
     00000408  Key_Esc                            cpct_keyboard
     00000409  Joy0_Left                          cpct_keyboard
     0000050F  l__CODE                         
     00000800  Key_F9                             cpct_keyboard
     00000801  Key_F8                             cpct_keyboard
     00000802  Key_CloseBracket                   cpct_keyboard
     00000803  Key_P                              cpct_keyboard
     00000804  Key_I                              cpct_keyboard
     00000805  Key_Y                              cpct_keyboard
     00000806  Joy1_Right                         cpct_keyboard
     00000806  Key_T                              cpct_keyboard
     00000807  Key_W                              cpct_keyboard
     00000808  Key_Q                              cpct_keyboard
     00000809  Joy0_Right                         cpct_keyboard
     00001000  Key_F6                             cpct_keyboard
     00001001  Key_F5                             cpct_keyboard
     00001002  Key_F4                             cpct_keyboard
     00001003  Key_SemiColon                      cpct_keyboard
     00001004  Key_L                              cpct_keyboard
     00001005  Key_H                              cpct_keyboard
     00001006  Joy1_Fire1                         cpct_keyboard
     00001006  Key_G                              cpct_keyboard
     00001007  Key_S                              cpct_keyboard
     00001008  Key_Tab                            cpct_keyboard
     00001009  Joy0_Fire1                         cpct_keyboard
     00002000  Key_F3                             cpct_keyboard
     00002001  Key_F1                             cpct_keyboard
     00002002  Key_Shift                          cpct_keyboard
     00002003  Key_Colon                          cpct_keyboard
     00002004  Key_K                              cpct_keyboard
     00002005  Key_J                              cpct_keyboard
     00002006  Joy1_Fire2                         cpct_keyboard
     00002006  Key_F                              cpct_keyboard
ASxxxx Linker V03.00 + NoICE + sdld,  page 4.
Hexadecimal  [32-Bits]

Area                                    Addr        Size        Decimal Bytes (Attributes)
--------------------------------        ----        ----        ------- ----- ------------
.  .ABS.                            00000000    00000000 =           0. bytes (ABS,CON)

      Value  Global                              Global Defined In Module
      -----  --------------------------------   ------------------------
     00002007  Key_D                              cpct_keyboard
     00002008  Key_A                              cpct_keyboard
     00002009  Joy0_Fire2                         cpct_keyboard
     00002710  .__.$$$.                           
     00004000  Key_Enter                          cpct_keyboard
     00004000  s__CODE                         
     00004001  Key_F2                             cpct_keyboard
     00004002  Key_BackSlash                      cpct_keyboard
     00004003  Key_Slash                          cpct_keyboard
     00004004  Key_M                              cpct_keyboard
     00004005  Key_N                              cpct_keyboard
     00004006  Joy1_Fire3                         cpct_keyboard
     00004006  Key_B                              cpct_keyboard
     00004007  Key_C                              cpct_keyboard
     00004008  Key_CapsLock                       cpct_keyboard
     00004009  Joy0_Fire3                         cpct_keyboard
     0000450F  s__DATA                         
     00007F00  GA_port                            cpct_keyboard
     00008000  Key_FDot                           cpct_keyboard
     00008001  Key_F0                             cpct_keyboard
     00008002  Key_Control                        cpct_keyboard
     00008003  Key_Dot                            cpct_keyboard
     00008004  Key_Comma                          cpct_keyboard
     00008005  Key_Space                          cpct_keyboard
     00008006  Key_V                              cpct_keyboard
     00008007  Key_X                              cpct_keyboard
     00008008  Key_Z                              cpct_keyboard
     00008009  Key_Del                            cpct_keyboard
     0000C000  CPCT_VMEM_START_ASM                cpct_keyboard

ASxxxx Linker V03.00 + NoICE + sdld,  page 5.
Hexadecimal  [32-Bits]

Area                                    Addr        Size        Decimal Bytes (Attributes)
--------------------------------        ----        ----        ------- ----- ------------
_CODE                               00004000    0000050F =        1295. bytes (REL,CON)

      Value  Global                              Global Defined In Module
      -----  --------------------------------   ------------------------
     00004000  _main                              cpct_keyboard
     00004009  _man_anim_player                   
     00004012  _sprite_player01                   
     0000404E  _sprite_player02                   
     0000408A  _player_template_e                 
     0000409A  _m_entities                        
     0000410A  _m_emptyMemCheck                   
     0000410B  _m_next_free_entity                
     0000410D  _m_functionMemory                  
     0000410F  _m_signatureMatch                  
     00004110  _m_numEntities                     
     00004111  _m_sizeOfEntity                    
     00004112  _man_entityInit                    
     0000412A  _man_createEntity                  
     0000413F  _man_entityForAllMatching          
     00004149  not_invalid2                       
     00004157  next_entity2                       
     00004164  checkSignature                     
     00004172  allDone                            
     00004174  _man_setEntity4Destroy             
     00004179  _man_entityDestroy                 
     00004181  setLast                            
     0000418B  checkMemory                        
     0000418F  copy                               
     0000419E  setLast2                           
     000041A2  no_copy                            
     000041B0  _man_entityUpdate                  
     000041BE  valid                              
     000041C5  _next_entity                       
     000041C6  continue                           
     000041CD  _man_entity_freeSpace              
     000041D5  _m_playerShot                      
     000041D6  _m_playerEntity                    
     000041D8  _m_game_createInitTemplate         
     000041E7  _m_game_init                       
     000041FC  _m_game_play                       
     000041FC  updates                            
     00004211  _m_game_createEnemy                
     00004212  _m_game_destroyEntity              
     00004216  _m_game_playerShot                 
     00004217  _wait                              
     00004219  waitLoop                           
     00004225  _sys_ai_behaviourMemory            
     00004227  _sys_ai_update                     
     00004236  _sys_ai_updateOneEntity            
     00004238  searchBehaviour                    
     00004254  searchEntityType                   
     0000425E  updatedOneEntity                   
     0000425F  _sys_ai_behaviourEnemy             
     00004263  _sys_ai_behaviourLeftRight         
ASxxxx Linker V03.00 + NoICE + sdld,  page 6.
Hexadecimal  [32-Bits]

Area                                    Addr        Size        Decimal Bytes (Attributes)
--------------------------------        ----        ----        ------- ----- ------------
_CODE                               00004000    0000050F =        1295. bytes (REL,CON)

      Value  Global                              Global Defined In Module
      -----  --------------------------------   ------------------------
     0000427A  leftPart                           
     0000427F  rightPart                          
     00004281  exitUpdate                         
     00004282  _sys_ai_behaviourAutoDestroy       
     00004284  searchAICounter                    
     0000428D  searchType                         
     00004294  dontDestroy                        
     00004295  _sys_animator_update               
     000042A4  _sys_animator_updateOneEntity      
     000042CA  noRepeatAnim                       
     000042E0  _sys_input_update                  
     000042EF  _sys_input_updateOneEntity         
     000042F0  _sys_physics_update                
     000042FF  _sys_physics_checkKeyboard         
     0000431F  leftPressed                        
     00004325  rightPressed                       
     00004328  stopCheckMovement                  
     00004333  dontShoot                          
     00004334  _sys_physics_updateOneEntity       
     0000434E  _sys_init_render                   
     00004360  _sys_render_update                 
     0000436F  _sys_render_renderOneEntity        
     0000439B  dontRender                         
     0000439C  _cpct_scanKeyboard_f               cpct_keyboard
     0000439C  cpct_scanKeyboard_f_asm            cpct_keyboard
     00004406  _cpct_isKeyPressed                 cpct_keyboard
     00004406  cpct_isKeyPressed_asm              cpct_keyboard
     00004412  cpct_setPALColour_asm              cpct_video
     0000441C  cpct_drawSprite_asm                cpct_sprites
     000044BC  _cpct_keyboardStatusBuffer         cpct_keyboard
     000044C6  cpct_waitHalts_asm                 cpct_memutils
     000044CA  cpct_setVideoMode_asm              cpct_video
     000044D7  _cpct_waitVSYNC                    cpct_video
     000044D7  cpct_waitVSYNC_asm                 cpct_video
     000044DF  cpct_memset_asm                    cpct_memutils
     000044E7  cpct_memcpy_asm                    cpct_memutils
     000044EA  _cpct_disableFirmware              cpct_firmware
     000044EA  _cpct_removeInterruptHandler       cpct_firmware
     000044EA  cpct_disableFirmware_asm           cpct_firmware
     000044EA  cpct_removeInterruptHandler_asm    cpct_firmware
     000044FA  _cpct_mode_rom_status              cpct_firmware
     000044FB  cpct_getScreenPtr_asm              cpct_video

ASxxxx Linker V03.00 + NoICE + sdld,  page 7.
Hexadecimal  [32-Bits]

Area                                    Addr        Size        Decimal Bytes (Attributes)
--------------------------------        ----        ----        ------- ----- ------------
_DATA                               0000450F    00000002 =           2. bytes (REL,CON)

      Value  Global                              Global Defined In Module
      -----  --------------------------------   ------------------------
     0000450F  _macro_addresAux                   cpct_keyboard

ASxxxx Linker V03.00 + NoICE + sdld,  page 8.

Files Linked                              [ module(s) ]

obj/main.rel                              [ cpct_keyboard ]
obj/resources/animations.rel              [  ]
obj/resources/entityInfo.rel              [  ]
obj/resources/macros.rel                  [  ]
obj/resources/sprites.rel                 [  ]
obj/resources/templates.rel               [  ]
obj/man/entity.rel                        [  ]
obj/man/game.rel                          [  ]
obj/sys/ai.rel                            [  ]
obj/sys/animator.rel                      [  ]
obj/sys/input.rel                         [  ]
obj/sys/physics.rel                       [  ]
obj/sys/render.rel                        [  ]


Libraries Linked                          [ object file ]

/home/rodrigo/Escritorio/cpctelera/cpctelera/cpctelera.lib
                                          [ cpct_scanKeyboard_f.rel ]
/home/rodrigo/Escritorio/cpctelera/cpctelera/cpctelera.lib
                                          [ cpct_isKeyPressed.rel ]
/home/rodrigo/Escritorio/cpctelera/cpctelera/cpctelera.lib
                                          [ cpct_setPALColour_asmbindings.re ]
/home/rodrigo/Escritorio/cpctelera/cpctelera/cpctelera.lib
                                          [ cpct_drawSprite_asmbindings.rel ]
/home/rodrigo/Escritorio/cpctelera/cpctelera/cpctelera.lib
                                          [ keyboard.rel ]
/home/rodrigo/Escritorio/cpctelera/cpctelera/cpctelera.lib
                                          [ cpct_waitHalts_asmbindings.rel ]
/home/rodrigo/Escritorio/cpctelera/cpctelera/cpctelera.lib
                                          [ cpct_setVideoMode_asmbindings.re ]
/home/rodrigo/Escritorio/cpctelera/cpctelera/cpctelera.lib
                                          [ cpct_waitVSYNC.rel ]
/home/rodrigo/Escritorio/cpctelera/cpctelera/cpctelera.lib
                                          [ cpct_memset_asmbinding.rel ]
/home/rodrigo/Escritorio/cpctelera/cpctelera/cpctelera.lib
                                          [ cpct_memcpy_asmbindings.rel ]
/home/rodrigo/Escritorio/cpctelera/cpctelera/cpctelera.lib
                                          [ cpct_removeInterruptHandler.rel ]
/home/rodrigo/Escritorio/cpctelera/cpctelera/cpctelera.lib
                                          [ cpc_mode_rom_status.rel ]
/home/rodrigo/Escritorio/cpctelera/cpctelera/cpctelera.lib
                                          [ cpct_getScreenPtr_asmbindings.re ]

ASxxxx Linker V03.00 + NoICE + sdld,  page 9.

User Base Address Definitions

_CODE = 0x4000
_DATA = 0x0000

